main.c:121:5:__io_putchar	16	static
main.c:137:5:main	16	static
main.c:236:6:SystemClock_Config	88	static
main.c:281:13:MX_ADC1_Init	24	static
main.c:355:13:MX_I2C1_Init	8	static
main.c:389:13:MX_I2C2_Init	8	static
main.c:423:13:MX_TIM1_Init	80	static
main.c:500:13:MX_TIM3_Init	48	static
main.c:553:13:MX_TIM4_Init	56	static
main.c:602:13:MX_USART2_UART_Init	8	static
main.c:633:13:MX_DMA_Init	16	static
main.c:651:13:MX_GPIO_Init	40	static
main.c:680:10:get_H_from_RGB	32	static
main.c:701:9:is_red_onion	32	static
main.c:723:9:is_black	16	static
main.c:727:6:show_for_calibration	32	static
main.c:739:6:turn_slight	16	static
main.c:744:6:go_straight	16	static
main.c:750:6:turn	24	static
main.c:761:6:Error_Handler	4	static,ignoring_inline_asm
