main.c:125:5:__io_putchar	16	static
main.c:141:5:main	24	static
main.c:280:6:SystemClock_Config	88	static
main.c:325:13:MX_ADC1_Init	24	static
main.c:399:13:MX_I2C1_Init	8	static
main.c:433:13:MX_I2C2_Init	8	static
main.c:467:13:MX_TIM1_Init	80	static
main.c:544:13:MX_TIM3_Init	48	static
main.c:597:13:MX_TIM4_Init	56	static
main.c:646:13:MX_USART2_UART_Init	8	static
main.c:677:13:MX_DMA_Init	16	static
main.c:695:13:MX_GPIO_Init	40	static
main.c:724:10:get_H_from_RGB	48	static
main.c:749:9:is_red_onion	32	static
main.c:771:9:is_black	16	static
main.c:775:6:show_for_calibration	32	static
main.c:787:6:turn_slight	16	static
main.c:792:6:go_straight	16	static
main.c:798:6:turn	24	static
main.c:803:6:show_color_for_calibration	48	static
main.c:825:6:Error_Handler	4	static,ignoring_inline_asm
